// Jest Snapshot v1, https://goo.gl/fbAQLP

exports[`Provider setup Should work with a store 1`] = `
<ContextProvider
  value={
    Object {
      "clearActions": [Function],
      "dispatch": [Function],
      "getActions": [Function],
      "getState": [Function],
      "replaceReducer": [Function],
      "subscribe": [Function],
    }
  }
>
  hola
</ContextProvider>
`;
